// Jest Snapshot v1, https://goo.gl/fbAQLP

exports[`ClassesEnrolling 快照测试 1`] = `
<div>
  <!---->
  <div class="el-col el-col-12">
    <div class="el-card is-always-shadow">
      <div class="el-card__header">
        <div class="el-row is-align-middle el-row--flex">
          <div class="el-col el-col-14">
            素质教育专题班
          </div>
          <div class="el-col el-col-2"><button type="button" class="el-button el-button--primary el-button--small is-circle">
              <!----><i class="el-icon-check"></i>
              <!----></button></div>
          <div class="el-col el-col-2"><button type="button" class="el-button el-button--primary el-button--small is-circle">
              <!----><i class="el-icon-more"></i>
              <!----></button></div>
          <div class="el-col el-col-2"><button type="button" class="el-button el-button--primary el-button--small is-circle">
              <!----><i class="el-icon-edit-outline"></i>
              <!----></button></div>
          <div class="el-col el-col-2"><button type="button" class="el-button el-button--primary el-button--small is-circle">
              <!----><i class="el-icon-s-custom"></i>
              <!----></button></div>
          <div class="el-col el-col-2"><button type="button" class="el-button el-button--danger el-button--small is-circle">
              <!----><i class="el-icon-delete"></i>
              <!----></button></div>
        </div>
      </div>
      <div class="el-card__body">
        <div class="el-row">
          起止日期：2019/12/20—— 2019/12/21
        </div>
        <div class="el-row">
          招生人数：0 / 15
        </div>
        <div class="el-row">
          班级状态：招生中
        </div>
        <div class="el-row">
          班级简介：这里是一个加了长文本省略号替代的班级介绍
        </div>
      </div>
    </div>
  </div>
  <div class="el-col el-col-12">
    <div class="el-card is-always-shadow">
      <div class="el-card__header">
        <div class="el-row is-align-middle el-row--flex">
          <div class="el-col el-col-14">
            素质教育专题班
          </div>
          <div class="el-col el-col-2"><button type="button" class="el-button el-button--primary el-button--small is-circle">
              <!----><i class="el-icon-check"></i>
              <!----></button></div>
          <div class="el-col el-col-2"><button type="button" class="el-button el-button--primary el-button--small is-circle">
              <!----><i class="el-icon-more"></i>
              <!----></button></div>
          <div class="el-col el-col-2"><button type="button" class="el-button el-button--primary el-button--small is-circle">
              <!----><i class="el-icon-edit-outline"></i>
              <!----></button></div>
          <div class="el-col el-col-2"><button type="button" class="el-button el-button--primary el-button--small is-circle">
              <!----><i class="el-icon-s-custom"></i>
              <!----></button></div>
          <div class="el-col el-col-2"><button type="button" class="el-button el-button--danger el-button--small is-circle">
              <!----><i class="el-icon-delete"></i>
              <!----></button></div>
        </div>
      </div>
      <div class="el-card__body">
        <div class="el-row">
          起止日期：2019/12/20—— 2019/12/21
        </div>
        <div class="el-row">
          招生人数：0 / 15
        </div>
        <div class="el-row">
          班级状态：招生中
        </div>
        <div class="el-row">
          班级简介：这里是一个加了长文本省略号替代的班级介绍
        </div>
      </div>
    </div>
  </div>
  <div class="el-col el-col-12">
    <div class="el-card is-always-shadow">
      <div class="el-card__header">
        <div class="el-row is-align-middle el-row--flex">
          <div class="el-col el-col-14">
            素质教育专题班
          </div>
          <div class="el-col el-col-2"><button type="button" class="el-button el-button--primary el-button--small is-circle">
              <!----><i class="el-icon-check"></i>
              <!----></button></div>
          <div class="el-col el-col-2"><button type="button" class="el-button el-button--primary el-button--small is-circle">
              <!----><i class="el-icon-more"></i>
              <!----></button></div>
          <div class="el-col el-col-2"><button type="button" class="el-button el-button--primary el-button--small is-circle">
              <!----><i class="el-icon-edit-outline"></i>
              <!----></button></div>
          <div class="el-col el-col-2"><button type="button" class="el-button el-button--primary el-button--small is-circle">
              <!----><i class="el-icon-s-custom"></i>
              <!----></button></div>
          <div class="el-col el-col-2"><button type="button" class="el-button el-button--danger el-button--small is-circle">
              <!----><i class="el-icon-delete"></i>
              <!----></button></div>
        </div>
      </div>
      <div class="el-card__body">
        <div class="el-row">
          起止日期：2019/12/20—— 2019/12/21
        </div>
        <div class="el-row">
          招生人数：0 / 15
        </div>
        <div class="el-row">
          班级状态：招生中
        </div>
        <div class="el-row">
          班级简介：这里是一个加了长文本省略号替代的班级介绍
        </div>
      </div>
    </div>
  </div>
</div>
`;
