// Jest Snapshot v1, https://goo.gl/fbAQLP

exports[`AddAdministratorPage 快照测试 1`] = `
<section class="el-container is-vertical">
  <header class="el-header" style="height: 60px;">
    <div class="el-page-header">
      <div class="el-page-header__left"><i class="el-icon-back"></i>
        <div class="el-page-header__title">返回</div>
      </div>
      <div class="el-page-header__content">添加管理员</div>
    </div>
  </header>
  <main class="el-main">
    <div class="el-table el-table--fit el-table--striped el-table--scrollable-x el-table--enable-row-transition">
      <div class="hidden-columns">
        <div></div>
        <div></div>
        <div></div>
        <div></div>
        <div></div>
        <div></div>
        <div></div>
        <div></div>
      </div>
      <div class="el-table__header-wrapper">
        <table cellspacing="0" cellpadding="0" border="0" class="el-table__header" style="width: 1380px;">
          <colgroup>
            <col name="el-table_1_column_1" width="160">
            <col name="el-table_1_column_2" width="160">
            <col name="el-table_1_column_3" width="160">
            <col name="el-table_1_column_4" width="180">
            <col name="el-table_1_column_5" width="180">
            <col name="el-table_1_column_6" width="180">
            <col name="el-table_1_column_7" width="180">
            <col name="el-table_1_column_8" width="180">
          </colgroup>
          <thead class="">
            <tr class="">
              <th colspan="1" rowspan="1" class="el-table_1_column_1     is-hidden is-leaf">
                <div class="cell">姓名</div>
              </th>
              <th colspan="1" rowspan="1" class="el-table_1_column_2     is-leaf">
                <div class="cell">账号</div>
              </th>
              <th colspan="1" rowspan="1" class="el-table_1_column_3     is-leaf">
                <div class="cell">密码</div>
              </th>
              <th colspan="1" rowspan="1" class="el-table_1_column_4  is-center   is-leaf">
                <div class="cell">招生管理权限</div>
              </th>
              <th colspan="1" rowspan="1" class="el-table_1_column_5  is-center   is-leaf">
                <div class="cell">课程管理权限</div>
              </th>
              <th colspan="1" rowspan="1" class="el-table_1_column_6  is-center   is-leaf">
                <div class="cell">校友活动管理权限</div>
              </th>
              <th colspan="1" rowspan="1" class="el-table_1_column_7  is-center   is-leaf">
                <div class="cell">校友资料管理权限</div>
              </th>
              <th colspan="1" rowspan="1" class="el-table_1_column_8  is-center   is-leaf">
                <div class="cell">操作</div>
              </th>
            </tr>
          </thead>
        </table>
      </div>
      <div class="el-table__body-wrapper is-scrolling-left">
        <table cellspacing="0" cellpadding="0" border="0" class="el-table__body" style="width: 1380px;">
          <colgroup>
            <col name="el-table_1_column_1" width="160">
            <col name="el-table_1_column_2" width="160">
            <col name="el-table_1_column_3" width="160">
            <col name="el-table_1_column_4" width="180">
            <col name="el-table_1_column_5" width="180">
            <col name="el-table_1_column_6" width="180">
            <col name="el-table_1_column_7" width="180">
            <col name="el-table_1_column_8" width="180">
          </colgroup>
          <tbody>
            <tr class="el-table__row">
              <td rowspan="1" colspan="1" class="el-table_1_column_1   is-hidden">
                <div class="cell">
                  <div class="el-input">
                    <!----><input type="text" autocomplete="off" placeholder="请输入姓名" class="el-input__inner">
                    <!---->
                    <!---->
                    <!---->
                    <!---->
                  </div>
                </div>
              </td>
              <td rowspan="1" colspan="1" class="el-table_1_column_2  ">
                <div class="cell">
                  <div class="el-input">
                    <!----><input type="text" autocomplete="off" placeholder="请输入账号" class="el-input__inner">
                    <!---->
                    <!---->
                    <!---->
                    <!---->
                  </div>
                </div>
              </td>
              <td rowspan="1" colspan="1" class="el-table_1_column_3  ">
                <div class="cell">
                  <div class="el-input el-input--suffix">
                    <!----><input type="password" autocomplete="off" placeholder="请输入密码" class="el-input__inner">
                    <!----><span class="el-input__suffix"><span class="el-input__suffix-inner"><!----><!----><i class="el-input__icon el-icon-view el-input__clear"></i><!----></span>
                    <!----></span>
                    <!---->
                    <!---->
                  </div>
                </div>
              </td>
              <td rowspan="1" colspan="1" class="el-table_1_column_4 is-center ">
                <div class="cell">
                  <div role="switch" aria-checked="true" class="el-switch is-checked"><input type="checkbox" name="" true-value="true" class="el-switch__input">
                    <!----><span class="el-switch__core" style="width: 40px; border-color: #13ce66; background-color: rgb(19, 206, 102);"></span>
                    <!---->
                  </div>
                </div>
              </td>
              <td rowspan="1" colspan="1" class="el-table_1_column_5 is-center ">
                <div class="cell">
                  <div role="switch" aria-checked="true" class="el-switch is-checked"><input type="checkbox" name="" true-value="true" class="el-switch__input">
                    <!----><span class="el-switch__core" style="width: 40px; border-color: #13ce66; background-color: rgb(19, 206, 102);"></span>
                    <!---->
                  </div>
                </div>
              </td>
              <td rowspan="1" colspan="1" class="el-table_1_column_6 is-center ">
                <div class="cell">
                  <div role="switch" aria-checked="true" class="el-switch is-checked"><input type="checkbox" name="" true-value="true" class="el-switch__input">
                    <!----><span class="el-switch__core" style="width: 40px; border-color: #13ce66; background-color: rgb(19, 206, 102);"></span>
                    <!---->
                  </div>
                </div>
              </td>
              <td rowspan="1" colspan="1" class="el-table_1_column_7 is-center ">
                <div class="cell">
                  <div role="switch" aria-checked="true" class="el-switch is-checked"><input type="checkbox" name="" true-value="true" class="el-switch__input">
                    <!----><span class="el-switch__core" style="width: 40px; border-color: #13ce66; background-color: rgb(19, 206, 102);"></span>
                    <!---->
                  </div>
                </div>
              </td>
              <td rowspan="1" colspan="1" class="el-table_1_column_8 is-center ">
                <div class="cell"><button type="button" class="el-button el-button--primary el-button--small is-round">
                    <!---->
                    <!----><span>提交</span></button> <button type="button" class="el-button el-button--plain el-button--small is-round">
                    <!---->
                    <!----><span>清空</span></button></div>
              </td>
            </tr>
            <!---->
          </tbody>
        </table>
        <!---->
        <!---->
      </div>
      <!---->
      <div class="el-table__fixed" style="width: 160px;">
        <div class="el-table__fixed-header-wrapper">
          <table cellspacing="0" cellpadding="0" border="0" class="el-table__header" style="width: 1380px;">
            <colgroup>
              <col name="el-table_1_column_1" width="160">
              <col name="el-table_1_column_2" width="160">
              <col name="el-table_1_column_3" width="160">
              <col name="el-table_1_column_4" width="180">
              <col name="el-table_1_column_5" width="180">
              <col name="el-table_1_column_6" width="180">
              <col name="el-table_1_column_7" width="180">
              <col name="el-table_1_column_8" width="180">
            </colgroup>
            <thead class="">
              <tr class="">
                <th colspan="1" rowspan="1" class="el-table_1_column_1     is-leaf">
                  <div class="cell">姓名</div>
                </th>
                <th colspan="1" rowspan="1" class="el-table_1_column_2     is-hidden is-leaf">
                  <div class="cell">账号</div>
                </th>
                <th colspan="1" rowspan="1" class="el-table_1_column_3     is-hidden is-leaf">
                  <div class="cell">密码</div>
                </th>
                <th colspan="1" rowspan="1" class="el-table_1_column_4  is-center   is-hidden is-leaf">
                  <div class="cell">招生管理权限</div>
                </th>
                <th colspan="1" rowspan="1" class="el-table_1_column_5  is-center   is-hidden is-leaf">
                  <div class="cell">课程管理权限</div>
                </th>
                <th colspan="1" rowspan="1" class="el-table_1_column_6  is-center   is-hidden is-leaf">
                  <div class="cell">校友活动管理权限</div>
                </th>
                <th colspan="1" rowspan="1" class="el-table_1_column_7  is-center   is-hidden is-leaf">
                  <div class="cell">校友资料管理权限</div>
                </th>
                <th colspan="1" rowspan="1" class="el-table_1_column_8  is-center   is-hidden is-leaf">
                  <div class="cell">操作</div>
                </th>
              </tr>
            </thead>
          </table>
        </div>
        <div class="el-table__fixed-body-wrapper" style="top: 0px;">
          <table cellspacing="0" cellpadding="0" border="0" class="el-table__body" style="width: 1380px;">
            <colgroup>
              <col name="el-table_1_column_1" width="160">
              <col name="el-table_1_column_2" width="160">
              <col name="el-table_1_column_3" width="160">
              <col name="el-table_1_column_4" width="180">
              <col name="el-table_1_column_5" width="180">
              <col name="el-table_1_column_6" width="180">
              <col name="el-table_1_column_7" width="180">
              <col name="el-table_1_column_8" width="180">
            </colgroup>
            <tbody>
              <tr class="el-table__row">
                <td rowspan="1" colspan="1" class="el-table_1_column_1  ">
                  <div class="cell">
                    <div class="el-input">
                      <!----><input type="text" autocomplete="off" placeholder="请输入姓名" class="el-input__inner">
                      <!---->
                      <!---->
                      <!---->
                      <!---->
                    </div>
                  </div>
                </td>
                <td rowspan="1" colspan="1" class="el-table_1_column_2   is-hidden">
                  <div class="cell">
                    <div class="el-input">
                      <!----><input type="text" autocomplete="off" placeholder="请输入账号" class="el-input__inner">
                      <!---->
                      <!---->
                      <!---->
                      <!---->
                    </div>
                  </div>
                </td>
                <td rowspan="1" colspan="1" class="el-table_1_column_3   is-hidden">
                  <div class="cell">
                    <div class="el-input el-input--suffix">
                      <!----><input type="password" autocomplete="off" placeholder="请输入密码" class="el-input__inner">
                      <!----><span class="el-input__suffix"><span class="el-input__suffix-inner"><!----><!----><i class="el-input__icon el-icon-view el-input__clear"></i><!----></span>
                      <!----></span>
                      <!---->
                      <!---->
                    </div>
                  </div>
                </td>
                <td rowspan="1" colspan="1" class="el-table_1_column_4 is-center  is-hidden">
                  <div class="cell">
                    <div role="switch" aria-checked="true" class="el-switch is-checked"><input type="checkbox" name="" true-value="true" class="el-switch__input">
                      <!----><span class="el-switch__core" style="width: 40px; border-color: #13ce66; background-color: rgb(19, 206, 102);"></span>
                      <!---->
                    </div>
                  </div>
                </td>
                <td rowspan="1" colspan="1" class="el-table_1_column_5 is-center  is-hidden">
                  <div class="cell">
                    <div role="switch" aria-checked="true" class="el-switch is-checked"><input type="checkbox" name="" true-value="true" class="el-switch__input">
                      <!----><span class="el-switch__core" style="width: 40px; border-color: #13ce66; background-color: rgb(19, 206, 102);"></span>
                      <!---->
                    </div>
                  </div>
                </td>
                <td rowspan="1" colspan="1" class="el-table_1_column_6 is-center  is-hidden">
                  <div class="cell">
                    <div role="switch" aria-checked="true" class="el-switch is-checked"><input type="checkbox" name="" true-value="true" class="el-switch__input">
                      <!----><span class="el-switch__core" style="width: 40px; border-color: #13ce66; background-color: rgb(19, 206, 102);"></span>
                      <!---->
                    </div>
                  </div>
                </td>
                <td rowspan="1" colspan="1" class="el-table_1_column_7 is-center  is-hidden">
                  <div class="cell">
                    <div role="switch" aria-checked="true" class="el-switch is-checked"><input type="checkbox" name="" true-value="true" class="el-switch__input">
                      <!----><span class="el-switch__core" style="width: 40px; border-color: #13ce66; background-color: rgb(19, 206, 102);"></span>
                      <!---->
                    </div>
                  </div>
                </td>
                <td rowspan="1" colspan="1" class="el-table_1_column_8 is-center  is-hidden">
                  <div class="cell"><button type="button" class="el-button el-button--primary el-button--small is-round">
                      <!---->
                      <!----><span>提交</span></button> <button type="button" class="el-button el-button--plain el-button--small is-round">
                      <!---->
                      <!----><span>清空</span></button></div>
                </td>
              </tr>
              <!---->
            </tbody>
          </table>
          <!---->
        </div>
        <!---->
      </div>
      <!---->
      <!---->
      <div class="el-table__column-resize-proxy" style="display: none;"></div>
    </div>
  </main>
  <footer class="el-footer" style="height: 60px;">
    <div class="el-row is-justify-center el-row--flex"><button type="button" class="el-button el-button--primary el-button--medium is-round">
        <!---->
        <!----><span>一键提交</span></button> <button type="button" class="el-button el-button--plain el-button--medium is-round">
        <!---->
        <!----><span>一键清空</span></button></div>
    <div class="el-row is-justify-center el-row--flex"><button type="button" class="el-button el-button--primary el-button--medium is-round">
        <!---->
        <!----><span>继续添加</span></button></div>
  </footer>
</section>
`;
