// Jest Snapshot v1, https://goo.gl/fbAQLP

exports[`ActivityManagement 快照测试 1`] = `
<section class="el-container">
  <main class="el-main">
    <div class="el-divider el-divider--horizontal">
      <!---->
    </div> <a href="#/create-activity" class=""><img src="../../assets/addIcon.png" class="add-activity"></a>
    <div class="el-divider el-divider--horizontal">
      <!---->
    </div>
    <div class="el-tabs el-tabs--top">
      <div class="el-tabs__header is-top">
        <div class="el-tabs__nav-wrap is-top">
          <div class="el-tabs__nav-scroll">
            <div role="tablist" class="el-tabs__nav is-top" style="transform: translateX(-0px);">
              <div class="el-tabs__active-bar is-top" style="width: 0px; transform: translateX(NaNpx); webkit-transform: translateX(NaNpx);"></div>
              <div id="tab-first" aria-controls="pane-first" role="tab" aria-selected="true" tabindex="0" class="el-tabs__item is-top is-active">正在报名中</div>
              <div id="tab-second" aria-controls="pane-second" role="tab" tabindex="-1" class="el-tabs__item is-top">正在进行中</div>
              <div id="tab-third" aria-controls="pane-third" role="tab" tabindex="-1" class="el-tabs__item is-top">已结束</div>
            </div>
          </div>
        </div>
      </div>
      <div class="el-tabs__content">
        <div role="tabpanel" id="pane-first" aria-labelledby="tab-first" class="el-tab-pane">
          <div>
            <!---->
            <div class="el-col el-col-12">
              <!---->
              <div class="el-card activity-card is-always-shadow">
                <div class="el-card__header">
                  <div><span>大蜀山一日游</span> <button type="button" class="el-button el-button--text">
                      <!---->
                      <!---->
                      <!----></button> <button type="button" class="el-button btn el-button--primary el-button--mini is-circle">
                      <!----><i class="el-icon-s-custom"></i>
                      <!----></button> <button type="button" class="el-button btn el-button--primary el-button--mini is-circle">
                      <!----><i class="el-icon-edit-outline"></i>
                      <!----></button> <button type="button" class="el-button btn el-button--primary el-button--mini is-circle">
                      <!----><i class="el-icon-more"></i>
                      <!----></button></div>
                </div>
                <div class="el-card__body">
                  <div class="el-row">
                    起止日期：2019/12/19 —— 2019/12/21
                  </div>
                  <div class="el-row">
                    活动人数：13 / 15
                  </div>
                  <div class="el-row">
                    活动状态：报名中
                  </div>
                  <div class="el-row">
                    活动简介：这里是一个加了长文本省略号替代的活动介绍
                  </div>
                </div>
              </div>
            </div>
            <div class="el-col el-col-12">
              <!---->
              <div class="el-card activity-card is-always-shadow">
                <div class="el-card__header">
                  <div><span>大蜀山一日游</span> <button type="button" class="el-button el-button--text">
                      <!---->
                      <!---->
                      <!----></button> <button type="button" class="el-button btn el-button--primary el-button--mini is-circle">
                      <!----><i class="el-icon-s-custom"></i>
                      <!----></button> <button type="button" class="el-button btn el-button--primary el-button--mini is-circle">
                      <!----><i class="el-icon-edit-outline"></i>
                      <!----></button> <button type="button" class="el-button btn el-button--primary el-button--mini is-circle">
                      <!----><i class="el-icon-more"></i>
                      <!----></button></div>
                </div>
                <div class="el-card__body">
                  <div class="el-row">
                    起止日期：2019/12/20 —— 2019/12/21
                  </div>
                  <div class="el-row">
                    活动人数：13 / 15
                  </div>
                  <div class="el-row">
                    活动状态：报名中
                  </div>
                  <div class="el-row">
                    活动简介：这里是一个加了长文本省略号替代的活动介绍
                  </div>
                </div>
              </div>
            </div>
            <div class="el-col el-col-12">
              <!---->
              <div class="el-card activity-card is-always-shadow">
                <div class="el-card__header">
                  <div><span>大蜀山一日游</span> <button type="button" class="el-button el-button--text">
                      <!---->
                      <!---->
                      <!----></button> <button type="button" class="el-button btn el-button--primary el-button--mini is-circle">
                      <!----><i class="el-icon-s-custom"></i>
                      <!----></button> <button type="button" class="el-button btn el-button--primary el-button--mini is-circle">
                      <!----><i class="el-icon-edit-outline"></i>
                      <!----></button> <button type="button" class="el-button btn el-button--primary el-button--mini is-circle">
                      <!----><i class="el-icon-more"></i>
                      <!----></button></div>
                </div>
                <div class="el-card__body">
                  <div class="el-row">
                    起止日期：2019/12/21 —— 2019/12/22
                  </div>
                  <div class="el-row">
                    活动人数：13 / 15
                  </div>
                  <div class="el-row">
                    活动状态：报名中
                  </div>
                  <div class="el-row">
                    活动简介：这里是一个加了长文本省略号替代的活动介绍
                  </div>
                </div>
              </div>
            </div>
          </div>
        </div>
        <div role="tabpanel" aria-hidden="true" id="pane-second" aria-labelledby="tab-second" class="el-tab-pane" style="display: none;">
          <div>
            <!---->
            <div class="el-col el-col-12">
              <!---->
              <div class="el-card activity-card is-always-shadow">
                <div class="el-card__header">
                  <div><span>大蜀山一日游</span> <button type="button" class="el-button el-button--text">
                      <!---->
                      <!---->
                      <!----></button> <button type="button" class="el-button btn el-button--primary el-button--mini is-circle">
                      <!----><i class="el-icon-s-custom"></i>
                      <!----></button> <button type="button" class="el-button btn el-button--primary el-button--mini is-circle">
                      <!----><i class="el-icon-edit-outline"></i>
                      <!----></button> <button type="button" class="el-button btn el-button--primary el-button--mini is-circle">
                      <!----><i class="el-icon-more"></i>
                      <!----></button></div>
                </div>
                <div class="el-card__body">
                  <div class="el-row">
                    起止日期：2019/12/19 —— 2019/12/21
                  </div>
                  <div class="el-row">
                    活动人数：13 / 15
                  </div>
                  <div class="el-row">
                    活动状态：进行中
                  </div>
                  <div class="el-row">
                    活动简介：这里是一个加了长文本省略号替代的活动介绍
                  </div>
                </div>
              </div>
            </div>
            <div class="el-col el-col-12">
              <!---->
              <div class="el-card activity-card is-always-shadow">
                <div class="el-card__header">
                  <div><span>大蜀山一日游</span> <button type="button" class="el-button el-button--text">
                      <!---->
                      <!---->
                      <!----></button> <button type="button" class="el-button btn el-button--primary el-button--mini is-circle">
                      <!----><i class="el-icon-s-custom"></i>
                      <!----></button> <button type="button" class="el-button btn el-button--primary el-button--mini is-circle">
                      <!----><i class="el-icon-edit-outline"></i>
                      <!----></button> <button type="button" class="el-button btn el-button--primary el-button--mini is-circle">
                      <!----><i class="el-icon-more"></i>
                      <!----></button></div>
                </div>
                <div class="el-card__body">
                  <div class="el-row">
                    起止日期：2019/12/20 —— 2019/12/21
                  </div>
                  <div class="el-row">
                    活动人数：13 / 15
                  </div>
                  <div class="el-row">
                    活动状态：进行中
                  </div>
                  <div class="el-row">
                    活动简介：这里是一个加了长文本省略号替代的活动介绍
                  </div>
                </div>
              </div>
            </div>
            <div class="el-col el-col-12">
              <!---->
              <div class="el-card activity-card is-always-shadow">
                <div class="el-card__header">
                  <div><span>大蜀山一日游</span> <button type="button" class="el-button el-button--text">
                      <!---->
                      <!---->
                      <!----></button> <button type="button" class="el-button btn el-button--primary el-button--mini is-circle">
                      <!----><i class="el-icon-s-custom"></i>
                      <!----></button> <button type="button" class="el-button btn el-button--primary el-button--mini is-circle">
                      <!----><i class="el-icon-edit-outline"></i>
                      <!----></button> <button type="button" class="el-button btn el-button--primary el-button--mini is-circle">
                      <!----><i class="el-icon-more"></i>
                      <!----></button></div>
                </div>
                <div class="el-card__body">
                  <div class="el-row">
                    起止日期：2019/12/21 —— 2019/12/22
                  </div>
                  <div class="el-row">
                    活动人数：13 / 15
                  </div>
                  <div class="el-row">
                    活动状态：进行中
                  </div>
                  <div class="el-row">
                    活动简介：这里是一个加了长文本省略号替代的活动介绍
                  </div>
                </div>
              </div>
            </div>
          </div>
        </div>
        <div role="tabpanel" aria-hidden="true" id="pane-third" aria-labelledby="tab-third" class="el-tab-pane" style="display: none;">
          <div class="el-row">
            <div class="el-col el-col-12">
              <!---->
              <div class="el-card activity-card is-always-shadow">
                <div class="el-card__header">
                  <div><span>大蜀山一日游</span> <button type="button" class="el-button el-button--text">
                      <!---->
                      <!---->
                      <!----></button> <button type="button" class="el-button btn el-button--primary el-button--mini is-circle">
                      <!----><i class="el-icon-s-custom"></i>
                      <!----></button> <button type="button" class="el-button btn el-button--primary el-button--mini is-circle">
                      <!----><i class="el-icon-edit-outline"></i>
                      <!----></button> <button type="button" class="el-button btn el-button--primary el-button--mini is-circle">
                      <!----><i class="el-icon-more"></i>
                      <!----></button></div>
                </div>
                <div class="el-card__body">
                  <div class="el-row">
                    起止日期：2019/12/19 —— 2019/12/21
                  </div>
                  <div class="el-row">
                    活动人数：13 / 15
                  </div>
                  <div class="el-row">
                    活动状态：已结束
                  </div>
                  <div class="el-row">
                    活动简介：这里是一个加了长文本省略号替代的活动介绍
                  </div>
                </div>
              </div>
            </div>
            <div class="el-col el-col-12">
              <!---->
              <div class="el-card activity-card is-always-shadow">
                <div class="el-card__header">
                  <div><span>大蜀山一日游</span> <button type="button" class="el-button el-button--text">
                      <!---->
                      <!---->
                      <!----></button> <button type="button" class="el-button btn el-button--primary el-button--mini is-circle">
                      <!----><i class="el-icon-s-custom"></i>
                      <!----></button> <button type="button" class="el-button btn el-button--primary el-button--mini is-circle">
                      <!----><i class="el-icon-edit-outline"></i>
                      <!----></button> <button type="button" class="el-button btn el-button--primary el-button--mini is-circle">
                      <!----><i class="el-icon-more"></i>
                      <!----></button></div>
                </div>
                <div class="el-card__body">
                  <div class="el-row">
                    起止日期：2019/12/20 —— 2019/12/21
                  </div>
                  <div class="el-row">
                    活动人数：13 / 15
                  </div>
                  <div class="el-row">
                    活动状态：已结束
                  </div>
                  <div class="el-row">
                    活动简介：这里是一个加了长文本省略号替代的活动介绍
                  </div>
                </div>
              </div>
            </div>
            <div class="el-col el-col-12">
              <!---->
              <div class="el-card activity-card is-always-shadow">
                <div class="el-card__header">
                  <div><span>大蜀山一日游</span> <button type="button" class="el-button el-button--text">
                      <!---->
                      <!---->
                      <!----></button> <button type="button" class="el-button btn el-button--primary el-button--mini is-circle">
                      <!----><i class="el-icon-s-custom"></i>
                      <!----></button> <button type="button" class="el-button btn el-button--primary el-button--mini is-circle">
                      <!----><i class="el-icon-edit-outline"></i>
                      <!----></button> <button type="button" class="el-button btn el-button--primary el-button--mini is-circle">
                      <!----><i class="el-icon-more"></i>
                      <!----></button></div>
                </div>
                <div class="el-card__body">
                  <div class="el-row">
                    起止日期：2019/12/21 —— 2019/12/22
                  </div>
                  <div class="el-row">
                    活动人数：13 / 15
                  </div>
                  <div class="el-row">
                    活动状态：已结束
                  </div>
                  <div class="el-row">
                    活动简介：这里是一个加了长文本省略号替代的活动介绍
                  </div>
                </div>
              </div>
            </div>
            <div class="el-col el-col-12">
              <!---->
              <div class="el-card activity-card is-always-shadow">
                <div class="el-card__header">
                  <div><span>大蜀山一日游</span> <button type="button" class="el-button el-button--text">
                      <!---->
                      <!---->
                      <!----></button> <button type="button" class="el-button btn el-button--primary el-button--mini is-circle">
                      <!----><i class="el-icon-s-custom"></i>
                      <!----></button> <button type="button" class="el-button btn el-button--primary el-button--mini is-circle">
                      <!----><i class="el-icon-edit-outline"></i>
                      <!----></button> <button type="button" class="el-button btn el-button--primary el-button--mini is-circle">
                      <!----><i class="el-icon-more"></i>
                      <!----></button></div>
                </div>
                <div class="el-card__body">
                  <div class="el-row">
                    起止日期：2019/12/21 —— 2019/12/22
                  </div>
                  <div class="el-row">
                    活动人数：13 / 15
                  </div>
                  <div class="el-row">
                    活动状态：已结束
                  </div>
                  <div class="el-row">
                    活动简介：这里是一个加了长文本省略号替代的活动介绍
                  </div>
                </div>
              </div>
            </div>
            <div class="el-col el-col-12">
              <!---->
              <div class="el-card activity-card is-always-shadow">
                <div class="el-card__header">
                  <div><span>大蜀山一日游</span> <button type="button" class="el-button el-button--text">
                      <!---->
                      <!---->
                      <!----></button> <button type="button" class="el-button btn el-button--primary el-button--mini is-circle">
                      <!----><i class="el-icon-s-custom"></i>
                      <!----></button> <button type="button" class="el-button btn el-button--primary el-button--mini is-circle">
                      <!----><i class="el-icon-edit-outline"></i>
                      <!----></button> <button type="button" class="el-button btn el-button--primary el-button--mini is-circle">
                      <!----><i class="el-icon-more"></i>
                      <!----></button></div>
                </div>
                <div class="el-card__body">
                  <div class="el-row">
                    起止日期：2019/12/21 —— 2019/12/22
                  </div>
                  <div class="el-row">
                    活动人数：13 / 15
                  </div>
                  <div class="el-row">
                    活动状态：已结束
                  </div>
                  <div class="el-row">
                    活动简介：这里是一个加了长文本省略号替代的活动介绍
                  </div>
                </div>
              </div>
            </div>
            <div class="el-col el-col-12">
              <!---->
              <div class="el-card activity-card is-always-shadow">
                <div class="el-card__header">
                  <div><span>大蜀山一日游</span> <button type="button" class="el-button el-button--text">
                      <!---->
                      <!---->
                      <!----></button> <button type="button" class="el-button btn el-button--primary el-button--mini is-circle">
                      <!----><i class="el-icon-s-custom"></i>
                      <!----></button> <button type="button" class="el-button btn el-button--primary el-button--mini is-circle">
                      <!----><i class="el-icon-edit-outline"></i>
                      <!----></button> <button type="button" class="el-button btn el-button--primary el-button--mini is-circle">
                      <!----><i class="el-icon-more"></i>
                      <!----></button></div>
                </div>
                <div class="el-card__body">
                  <div class="el-row">
                    起止日期：2019/12/21 —— 2019/12/22
                  </div>
                  <div class="el-row">
                    活动人数：13 / 15
                  </div>
                  <div class="el-row">
                    活动状态：已结束
                  </div>
                  <div class="el-row">
                    活动简介：这里是一个加了长文本省略号替代的活动介绍
                  </div>
                </div>
              </div>
            </div>
          </div>
        </div>
      </div>
    </div>
  </main>
</section>
`;
