// Jest Snapshot v1, https://goo.gl/fbAQLP

exports[`AlumniManagement 快照测试 1`] = `
<section class="el-container is-vertical">
  <main class="el-main">
    <div class="el-row">
      <div class="el-col el-col-4 el-col-offset-3">
        <div class="el-select selection">
          <!---->
          <div class="el-input el-input--suffix">
            <!----><input type="text" readonly="readonly" autocomplete="off" placeholder="请选择学期" class="el-input__inner">
            <!----><span class="el-input__suffix"><span class="el-input__suffix-inner"><i class="el-select__caret el-input__icon el-icon-arrow-up"></i><!----><!----><!----><!----><!----></span>
            <!----></span>
            <!---->
            <!---->
          </div>
          <div class="el-select-dropdown el-popper" style="display: none;">
            <div class="el-scrollbar" style="display: none;">
              <div class="el-select-dropdown__wrap el-scrollbar__wrap el-scrollbar__wrap--hidden-default">
                <ul class="el-scrollbar__view el-select-dropdown__list"></ul>
              </div>
              <div class="el-scrollbar__bar is-horizontal">
                <div class="el-scrollbar__thumb" style="transform: translateX(0%); webkit-transform: translateX(0%);"></div>
              </div>
              <div class="el-scrollbar__bar is-vertical">
                <div class="el-scrollbar__thumb" style="transform: translateY(0%); webkit-transform: translateY(0%);"></div>
              </div>
            </div>
            <p class="el-select-dropdown__empty">
              无数据
            </p>
          </div>
        </div>
      </div>
      <div class="el-col el-col-4">
        <div class="el-select selection">
          <!---->
          <div class="el-input is-disabled el-input--suffix">
            <!----><input type="text" disabled="disabled" readonly="readonly" autocomplete="off" placeholder="请选择班级" class="el-input__inner">
            <!----><span class="el-input__suffix"><span class="el-input__suffix-inner"><i class="el-select__caret el-input__icon el-icon-arrow-up"></i><!----><!----><!----><!----><!----></span>
            <!----></span>
            <!---->
            <!---->
          </div>
          <div class="el-select-dropdown el-popper" style="display: none;">
            <div class="el-scrollbar" style="display: none;">
              <div class="el-select-dropdown__wrap el-scrollbar__wrap el-scrollbar__wrap--hidden-default">
                <ul class="el-scrollbar__view el-select-dropdown__list"></ul>
              </div>
              <div class="el-scrollbar__bar is-horizontal">
                <div class="el-scrollbar__thumb" style="transform: translateX(0%); webkit-transform: translateX(0%);"></div>
              </div>
              <div class="el-scrollbar__bar is-vertical">
                <div class="el-scrollbar__thumb" style="transform: translateY(0%); webkit-transform: translateY(0%);"></div>
              </div>
            </div>
            <p class="el-select-dropdown__empty">
              无数据
            </p>
          </div>
        </div>
      </div>
      <div class="el-col el-col-6">
        <div class="search-input el-input">
          <!----><input type="text" autocomplete="off" placeholder="请输入搜索内容" class="el-input__inner">
          <!---->
          <!---->
          <!---->
          <!---->
        </div>
      </div>
      <div class="el-col el-col-4 el-col-offset-1"><button type="button" class="el-button el-button--primary">
          <!----><i class="el-icon-search"></i><span>搜索</span></button></div>
    </div>
    <div class="el-divider el-divider--horizontal">
      <!---->
    </div>
    <div class="el-table info-table el-table--fit el-table--striped el-table--scrollable-x el-table--enable-row-hover el-loading-parent--relative">
      <div class="hidden-columns">
        <div></div>
        <div></div>
        <div></div>
        <div></div>
        <div></div>
        <div></div>
        <div></div>
        <div></div>
      </div>
      <div class="el-table__header-wrapper">
        <table cellspacing="0" cellpadding="0" border="0" class="el-table__header" style="width: 640px;">
          <colgroup>
            <col name="el-table_1_column_1" width="80">
            <col name="el-table_1_column_2" width="80">
            <col name="el-table_1_column_3" width="80">
            <col name="el-table_1_column_4" width="80">
            <col name="el-table_1_column_5" width="80">
            <col name="el-table_1_column_6" width="80">
            <col name="el-table_1_column_7" width="80">
            <col name="el-table_1_column_8" width="80">
          </colgroup>
          <thead class="">
            <tr class="">
              <th colspan="1" rowspan="1" class="el-table_1_column_1  is-center   is-leaf">
                <div class="cell">姓名</div>
              </th>
              <th colspan="1" rowspan="1" class="el-table_1_column_2  is-center   is-leaf">
                <div class="cell">性别</div>
              </th>
              <th colspan="1" rowspan="1" class="el-table_1_column_3  is-center   is-leaf">
                <div class="cell">出生日期</div>
              </th>
              <th colspan="1" rowspan="1" class="el-table_1_column_4  is-center   is-leaf">
                <div class="cell">联系电话</div>
              </th>
              <th colspan="1" rowspan="1" class="el-table_1_column_5  is-center   is-leaf">
                <div class="cell">微信号</div>
              </th>
              <th colspan="1" rowspan="1" class="el-table_1_column_6  is-center   is-leaf">
                <div class="cell">邮箱</div>
              </th>
              <th colspan="1" rowspan="1" class="el-table_1_column_7  is-center   is-leaf">
                <div class="cell">所在城市</div>
              </th>
              <th colspan="1" rowspan="1" class="el-table_1_column_8  is-center   is-leaf">
                <div class="cell">操作</div>
              </th>
            </tr>
          </thead>
        </table>
      </div>
      <div class="el-table__body-wrapper is-scrolling-left">
        <table cellspacing="0" cellpadding="0" border="0" class="el-table__body" style="width: 640px;">
          <colgroup>
            <col name="el-table_1_column_1" width="80">
            <col name="el-table_1_column_2" width="80">
            <col name="el-table_1_column_3" width="80">
            <col name="el-table_1_column_4" width="80">
            <col name="el-table_1_column_5" width="80">
            <col name="el-table_1_column_6" width="80">
            <col name="el-table_1_column_7" width="80">
            <col name="el-table_1_column_8" width="80">
          </colgroup>
          <tbody>
            <!---->
          </tbody>
        </table>
        <div class="el-table__empty-block" style="height: 100%; width: 640px;"><span class="el-table__empty-text">暂无数据</span></div>
        <!---->
      </div>
      <!---->
      <!---->
      <!---->
      <!---->
      <div class="el-table__column-resize-proxy" style="display: none;"></div>
      <div class="el-loading-mask el-loading-fade-enter el-loading-fade-enter-active" style="">
        <div class="el-loading-spinner"><svg viewBox="25 25 50 50" class="circular">
            <circle cx="50" cy="50" r="20" fill="none" class="path"></circle>
          </svg>
          <!---->
        </div>
      </div>
    </div>
  </main>
  <footer class="el-footer" style="height: 60px;">
    <div class="pagination el-pagination"><button type="button" disabled="disabled" class="btn-prev"><i class="el-icon el-icon-arrow-left"></i></button>
      <ul class="el-pager">
        <li class="number active">1</li>
        <!---->
        <!---->
        <!---->
      </ul><button type="button" disabled="disabled" class="btn-next"><i class="el-icon el-icon-arrow-right"></i></button>
    </div>
  </footer>
</section>
`;
