// Jest Snapshot v1, https://goo.gl/fbAQLP

exports[`App 快照测试 1`] = `
<div>
  <section class="el-container">
    <main class="el-main">
      <div class="el-card login-card is-always-shadow">
        <!---->
        <div class="el-card__body">
          <div class="hint el-row is-justify-center el-row--flex">
            <div class="el-col el-col-4"><img src="../assets/EdStarsLogo.jpg" class="logo"></div>
            <div class="login-hint el-col el-col-8">
              管理人员登录平台
            </div>
          </div>
          <form class="el-form">
            <div class="el-form-item"><label class="el-form-item__label" style="width: 90px;">请输入账号:</label>
              <div class="el-form-item__content" style="margin-left: 90px;">
                <div class="input-text el-input">
                  <!----><input type="text" autocomplete="off" autofocus="autofocus" class="el-input__inner">
                  <!---->
                  <!---->
                  <!---->
                  <!---->
                </div>
                <!---->
              </div>
            </div>
            <div class="el-form-item"><label class="el-form-item__label" style="width: 90px;">请输入密码:</label>
              <div class="el-form-item__content" style="margin-left: 90px;">
                <div class="input-text el-input">
                  <!----><input type="password" autocomplete="off" class="el-input__inner">
                  <!---->
                  <!---->
                  <!---->
                  <!---->
                </div>
                <!---->
              </div>
            </div>
            <div class="el-form-item">
              <!---->
              <div class="el-form-item__content" style="margin-left: 90px;">
                <div class="el-row is-justify-center el-row--flex">
                  <div class="el-col el-col-24 el-col-push-4"><button type="button" class="el-button login-button el-button--primary">
                      <!---->
                      <!----><span>登录</span></button></div>
                </div>
                <!---->
              </div>
            </div>
          </form>
        </div>
      </div>
    </main>
  </section>
</div>
`;
