// Jest Snapshot v1, https://goo.gl/fbAQLP

exports[`HomePage 快照测试 1`] = `
<section class="el-container is-vertical">
  <header class="el-header" style="height: 60px;">
    <div class="hint-info-row el-row is-justify-center is-align-middle">
      <div class="el-col el-col-1"><img src="../assets/EdStarsLogo.jpg" height="50px"></div>
      <div class="el-col el-col-2 el-col-push-22">
        <div class="el-dropdown">
          <div class="el-col el-col-24 el-dropdown-selfdefine" aria-haspopup="list" aria-controls="dropdown-menu-2347" role="button" tabindex="0"><span class="el-avatar el-avatar--circle" style="height: 50px; width: 50px; line-height: 50px;"></span>
            <li class="el-icon-arrow-down"></li>
          </div>
          <ul class="el-dropdown-menu el-popper el-dropdown-menu--mini" style="display: none;" id="dropdown-menu-2347">
            <li tabindex="-1" class="el-dropdown-menu__item">
              <!---->
              <div class="avatar-pop-menu-item el-row">
                <h3></h3>
              </div>
              <div class="avatar-pop-menu-item el-row">
                @
              </div>
            </li>
            <li tabindex="-1" class="el-dropdown-menu__item el-dropdown-menu__item--divided">
              <!---->
              <div class="avatar-pop-menu-item el-row">
                修改密码
              </div>
            </li>
            <li tabindex="-1" class="el-dropdown-menu__item el-dropdown-menu__item--divided">
              <!---->
              <div class="avatar-pop-menu-item el-row">
                注销登录
              </div>
            </li>
          </ul>
        </div>
      </div>
    </div>
  </header>
  <section class="el-container">
    <aside class="el-aside" style="width: 202px;">
      <ul role="menubar" class="el-menu" style="background-color: rgb(249, 250, 252);" align="middle"><a href="#/home/enrollment" class="">
          <li role="menuitem" tabindex="-1" class="el-menu-item" style="padding-left: 20px; color: rgb(112, 112, 112); background-color: rgb(249, 250, 252);">
          <li class="el-icon-coordinate"></li>
          招生管理
          </li>
        </a> <a href="#/home/course" class="">
          <li role="menuitem" tabindex="-1" class="el-menu-item" style="padding-left: 20px; color: rgb(112, 112, 112); background-color: rgb(249, 250, 252);">
          <li class="el-icon-document"></li>
          课程管理
          </li>
        </a> <a href="#/home/activity" class="">
          <li role="menuitem" tabindex="-1" class="el-menu-item" style="padding-left: 20px; color: rgb(112, 112, 112); background-color: rgb(249, 250, 252);">
          <li class="el-icon-sunny"></li>
          活动管理
          </li>
        </a> <a href="#/home/alumni" class="">
          <li role="menuitem" tabindex="-1" class="el-menu-item" style="padding-left: 20px; color: rgb(112, 112, 112); background-color: rgb(249, 250, 252);">
          <li class="el-icon-user"></li>
          校友管理
          </li>
        </a> <a href="#/home/authority" class="">
          <li role="menuitem" tabindex="-1" class="el-menu-item" style="padding-left: 20px; color: rgb(112, 112, 112); background-color: rgb(249, 250, 252);">
          <li class="el-icon-key"></li>
          权限管理
          </li>
        </a></ul>
    </aside>
    <main class="el-main">
      <section class="el-container is-vertical">
        <header class="el-header" style="height: 60px;">
          <div class="hint-info-row el-row is-justify-center is-align-middle">
            <div class="el-col el-col-1"><img src="../assets/EdStarsLogo.jpg" height="50px"></div>
            <div class="el-col el-col-2 el-col-push-22">
              <div class="el-dropdown">
                <div class="el-col el-col-24 el-dropdown-selfdefine" aria-haspopup="list" aria-controls="dropdown-menu-3174" role="button" tabindex="0"><span class="el-avatar el-avatar--circle" style="height: 50px; width: 50px; line-height: 50px;"></span>
                  <li class="el-icon-arrow-down"></li>
                </div>
                <ul class="el-dropdown-menu el-popper el-dropdown-menu--mini" style="display: none;" id="dropdown-menu-3174">
                  <li tabindex="-1" class="el-dropdown-menu__item">
                    <!---->
                    <div class="avatar-pop-menu-item el-row">
                      <h3></h3>
                    </div>
                    <div class="avatar-pop-menu-item el-row">
                      @
                    </div>
                  </li>
                  <li tabindex="-1" class="el-dropdown-menu__item el-dropdown-menu__item--divided">
                    <!---->
                    <div class="avatar-pop-menu-item el-row">
                      修改密码
                    </div>
                  </li>
                  <li tabindex="-1" class="el-dropdown-menu__item el-dropdown-menu__item--divided">
                    <!---->
                    <div class="avatar-pop-menu-item el-row">
                      注销登录
                    </div>
                  </li>
                </ul>
              </div>
            </div>
          </div>
        </header>
        <section class="el-container">
          <aside class="el-aside" style="width: 202px;">
            <ul role="menubar" class="el-menu" style="background-color: rgb(249, 250, 252);" align="middle"><a href="#/home/enrollment" class="">
                <li role="menuitem" tabindex="-1" class="el-menu-item" style="padding-left: 20px; color: rgb(112, 112, 112); background-color: rgb(249, 250, 252);">
                <li class="el-icon-coordinate"></li>
                招生管理
                </li>
              </a> <a href="#/home/course" class="">
                <li role="menuitem" tabindex="-1" class="el-menu-item" style="padding-left: 20px; color: rgb(112, 112, 112); background-color: rgb(249, 250, 252);">
                <li class="el-icon-document"></li>
                课程管理
                </li>
              </a> <a href="#/home/activity" class="">
                <li role="menuitem" tabindex="-1" class="el-menu-item" style="padding-left: 20px; color: rgb(112, 112, 112); background-color: rgb(249, 250, 252);">
                <li class="el-icon-sunny"></li>
                活动管理
                </li>
              </a> <a href="#/home/alumni" class="">
                <li role="menuitem" tabindex="-1" class="el-menu-item" style="padding-left: 20px; color: rgb(112, 112, 112); background-color: rgb(249, 250, 252);">
                <li class="el-icon-user"></li>
                校友管理
                </li>
              </a> <a href="#/home/authority" class="">
                <li role="menuitem" tabindex="-1" class="el-menu-item" style="padding-left: 20px; color: rgb(112, 112, 112); background-color: rgb(249, 250, 252);">
                <li class="el-icon-key"></li>
                权限管理
                </li>
              </a></ul>
          </aside>
          <main class="el-main">
            <div class="el-carousel el-carousel--horizontal">
              <div class="el-carousel__container" style="height: 500px;"><button type="button" class="el-carousel__arrow el-carousel__arrow--left" style="display: none;"><i class="el-icon-arrow-left"></i></button><button type="button" class="el-carousel__arrow el-carousel__arrow--right" style="display: none;"><i class="el-icon-arrow-right"></i></button>
                <div class="el-carousel__item is-active is-animating" style="transform: translateX(0px) scale(1); webkit-transform: translateX(0px) scale(1);">
                  <!---->
                  <div class="el-image">
                    <div class="el-image__placeholder"></div>
                    <!---->
                  </div>
                </div>
                <div class="el-carousel__item" style="transform: translateX(0px) scale(1); webkit-transform: translateX(0px) scale(1);">
                  <!---->
                  <div class="el-image">
                    <div class="el-image__placeholder"></div>
                    <!---->
                  </div>
                </div>
                <div class="el-carousel__item" style="transform: translateX(0px) scale(1); webkit-transform: translateX(0px) scale(1);">
                  <!---->
                  <div class="el-image">
                    <div class="el-image__placeholder"></div>
                    <!---->
                  </div>
                </div>
                <div class="el-carousel__item" style="transform: translateX(0px) scale(1); webkit-transform: translateX(0px) scale(1);">
                  <!---->
                  <div class="el-image">
                    <div class="el-image__placeholder"></div>
                    <!---->
                  </div>
                </div>
              </div>
              <ul class="el-carousel__indicators el-carousel__indicators--horizontal">
                <li class="el-carousel__indicator el-carousel__indicator--horizontal is-active"><button class="el-carousel__button">
                    <!----></button></li>
                <li class="el-carousel__indicator el-carousel__indicator--horizontal"><button class="el-carousel__button">
                    <!----></button></li>
                <li class="el-carousel__indicator el-carousel__indicator--horizontal"><button class="el-carousel__button">
                    <!----></button></li>
                <li class="el-carousel__indicator el-carousel__indicator--horizontal"><button class="el-carousel__button">
                    <!----></button></li>
              </ul>
            </div>
          </main>
        </section>
      </section>
    </main>
  </section>
</section>
`;
