// Jest Snapshot v1, https://goo.gl/fbAQLP

exports[`LoginPage 快照测试 1`] = `
<section class="el-container is-vertical">
  <header class="el-header" style="height: 60px;">
    <div class="el-row is-justify-center el-row--flex">
      <div class="el-image logo">
        <div class="el-image__placeholder"></div>
        <!---->
      </div>
    </div>
  </header>
  <div class="el-divider el-divider--horizontal">
    <!---->
  </div>
  <main class="el-main">
    <div class="el-row is-justify-center el-row--flex"><span class="platform-name">未来之星管理平台</span></div>
    <div class="el-row is-justify-center el-row--flex">
      <div class="el-card login-card is-never-shadow">
        <!---->
        <div class="el-card__body">
          <form class="el-form el-form--label-top">
            <div class="el-form-item el-form-item--feedback is-required is-no-asterisk"><label for="account" class="el-form-item__label">账号</label>
              <div class="el-form-item__content">
                <div class="el-input">
                  <!----><input type="text" autocomplete="off" class="el-input__inner">
                  <!---->
                  <!---->
                  <!---->
                  <!---->
                </div>
                <!---->
              </div>
            </div>
            <div class="el-form-item el-form-item--feedback is-required is-no-asterisk"><label for="password" class="el-form-item__label">密码</label>
              <div class="el-form-item__content">
                <div class="el-input">
                  <!----><input type="password" autocomplete="off" class="el-input__inner">
                  <!---->
                  <!---->
                  <!---->
                  <!---->
                </div>
                <!---->
              </div>
            </div>
            <div class="el-form-item el-form-item--feedback is-no-asterisk">
              <!---->
              <div class="el-form-item__content">
                <div class="el-row"><button type="button" class="el-button login-button el-button--primary">
                    <!---->
                    <!----><span>登录</span></button></div>
                <!---->
              </div>
            </div>
          </form>
        </div>
      </div>
    </div>
  </main>
  <div class="el-divider el-divider--horizontal">
    <!---->
  </div>
  <footer class="el-footer" style="height: 60px;">
    <div class="el-row is-justify-center el-row--flex">
      <div class="hint-footer el-col el-col-4">
        @copyright coo studio 2019
      </div>
    </div>
  </footer>
</section>
`;
