// Jest Snapshot v1, https://goo.gl/fbAQLP

exports[`DetailOfCoursePage 快照测试 1`] = `
<section class="el-container">
  <main class="el-main">
    <div class="el-page-header">
      <div class="el-page-header__left"><i class="el-icon-back"></i>
        <div class="el-page-header__title">返回</div>
      </div>
      <div class="el-page-header__content">课程信息</div>
    </div>
    <div class="el-divider el-divider--horizontal">
      <!---->
    </div>
    <div class="el-card is-always-shadow">
      <!---->
      <div class="el-card__body">
        <div class="el-row">
          <div class="el-col el-col-23">
            课程名称： 滴滴滴滴滴大
          </div>
          <div class="el-col el-col-1"><button type="button" class="el-button el-button--primary el-button--mini is-circle">
              <!----><i class="el-icon-edit-outline"></i>
              <!----></button></div>
        </div>
        <div class="el-row">
          课程起止时间： ----
        </div>
        <div class="el-row">
          上课地点： HFUT
        </div>
        <div class="el-row">
          课程介绍： 这是一门xxxxk课
        </div>
        <div class="el-divider el-divider--horizontal">
          <div class="el-divider__text is-center">课程资料</div>
        </div>
        <div role="tree" class="el-tree">
          <div role="treeitem" tabindex="0" aria-disabled="" draggable="false" class="el-tree-node is-focusable">
            <div class="el-tree-node__content" style="padding-left: 0px;"><span class="el-tree-node__expand-icon el-icon-caret-right"></span>
              <!---->
              <!----><span class="el-tree-node__label">课程一</span></div>
            <!---->
          </div>
          <!---->
          <div class="el-tree__drop-indicator" style="display: none;"></div>
        </div>
        <div class="el-row is-justify-center el-row--flex"><button type="button" class="el-button el-button--primary el-button--small is-round">
            <!---->
            <!----><span>添加课程资料</span></button></div>
        <div class="el-divider el-divider--horizontal">
          <div class="el-divider__text is-center">讲师信息</div>
        </div>
        <div>
          <div class="el-row">
            讲师名：
          </div>
          <div class="el-row">
            讲师头像:
          </div>
          <div class="el-row">
            讲师头衔：
          </div>
          <div class="el-row">
            讲师简介：
          </div>
          <div class="el-row">
            讲师联系方式：
          </div>
        </div>
      </div>
    </div>
  </main>
</section>
`;
