// Jest Snapshot v1, https://goo.gl/fbAQLP

exports[`DetailOfCoursePage 快照测试 1`] = `
<section class="el-container">
  <main class="el-main">
    <div class="el-page-header">
      <div class="el-page-header__left"><i class="el-icon-back"></i>
        <div class="el-page-header__title">返回</div>
      </div>
      <div class="el-page-header__content">课程信息</div>
    </div>
    <div class="el-divider el-divider--horizontal">
      <!---->
    </div>
    <div class="el-row is-justify-center el-row--flex">
      <div class="el-card is-never-shadow">
        <div class="el-card__header">
          <div class="el-row">
            <div class="el-col el-col-8">
              课程名称：
            </div>
            <div class="el-col el-col-1"><button type="button" class="el-button el-button--primary el-button--mini is-circle">
                <!----><i class="el-icon-edit-outline"></i>
                <!----></button></div>
          </div>
        </div>
        <div class="el-card__body">
          <div class="el-row">
            课程起止时间： ----
          </div>
          <div class="el-row">
            上课地点：
          </div>
          <div class="el-row">
            课程介绍：
          </div>
          <div class="el-row">
            课程介绍：
          </div>
        </div>
      </div>
    </div>
  </main>
</section>
`;
