// Jest Snapshot v1, https://goo.gl/fbAQLP

exports[`DetailOfClassPage 快照测试 1`] = `
<section class="el-container">
  <main class="el-main">
    <div class="el-page-header">
      <div class="el-page-header__left"><i class="el-icon-back"></i>
        <div class="el-page-header__title">返回</div>
      </div>
      <div class="el-page-header__content">班级详情</div>
    </div>
    <div class="el-divider el-divider--horizontal">
      <!---->
    </div>
    <div class="el-card activity-card is-never-shadow el-loading-parent--relative">
      <div class="el-card__header">
        <div class="el-row">
          <div class="el-col el-col-24" align="center">
            <div class="clazz-title"> - - </div>
          </div>
          <div class="el-col el-col-24" align="right"><button type="button" class="el-button el-button--primary el-button--medium is-circle">
              <!----><i class="el-icon-edit-outline"></i>
              <!----></button></div>
        </div>
      </div>
      <div class="el-card__body">
        <div class="clazz-introduction">
          <div class="el-row">
            <div class="el-col el-col-10" align="center"><img style="width: 320px;"></div>
            <div class="el-col el-col-12 el-col-offset-2">
              <div class="info">
                起止时间： ----
              </div>
              <div class="info">
                班级人数： /
              </div>
              <div class="info">
                班级介绍：
              </div>
            </div>
          </div>
        </div>
        <div class="course-detail">
          <div class="el-divider el-divider--horizontal">
            <div class="el-divider__text is-center">
              <h3 class="detail-title">课程详情</h3>
            </div>
          </div>
        </div>
        <div class="add-button el-row is-justify-center el-row--flex"><button type="button" class="el-button el-button--primary el-button--small is-round">
            <!---->
            <!----><span>添加课程</span></button></div>
      </div>
      <div class="el-loading-mask el-loading-fade-enter el-loading-fade-enter-active" style="">
        <div class="el-loading-spinner"><svg viewBox="25 25 50 50" class="circular">
            <circle cx="50" cy="50" r="20" fill="none" class="path"></circle>
          </svg>
          <!---->
        </div>
      </div>
    </div>
  </main>
</section>
`;
