// Jest Snapshot v1, https://goo.gl/fbAQLP

exports[`EditTeacherInfoPage 快照测试 1`] = `
<section class="el-container">
  <main class="el-main">
    <div class="el-page-header">
      <div class="el-page-header__left"><i class="el-icon-back"></i>
        <div class="el-page-header__title">返回</div>
      </div>
      <div class="el-page-header__content">讲师信息</div>
    </div>
    <div class="el-divider el-divider--horizontal">
      <!---->
    </div>
    <div class="el-card is-never-shadow">
      <!---->
      <div class="el-card__body">
        <form class="el-form">
          <div class="el-row">
            <div class="el-form-item" align="center">
              <!---->
              <div class="el-form-item__content">
                <div class="avatar-uploader">
                  <div tabindex="0" class="el-upload el-upload--text"><i class="el-icon-plus avatar-uploader-icon">添加头像</i><input type="file" name="file" class="el-upload__input"></div>
                </div>
                <!---->
              </div>
            </div>
            <div class="el-form-item"><label class="el-form-item__label">讲师名：</label>
              <div class="el-form-item__content">
                <div class="el-input">
                  <!----><input type="text" autocomplete="off" class="el-input__inner">
                  <!---->
                  <!---->
                  <!---->
                  <!---->
                </div>
                <!---->
              </div>
            </div>
          </div>
          <div class="el-row">
            <div class="el-form-item"><label class="el-form-item__label">讲师头衔：</label>
              <div class="el-form-item__content">
                <div class="el-input">
                  <!----><input type="text" autocomplete="off" class="el-input__inner">
                  <!---->
                  <!---->
                  <!---->
                  <!---->
                </div>
                <!---->
              </div>
            </div>
          </div>
          <div class="el-row">
            <div class="el-form-item"><label class="el-form-item__label">讲师联系方式：</label>
              <div class="el-form-item__content">
                <div class="el-input">
                  <!----><input type="text" autocomplete="off" class="el-input__inner">
                  <!---->
                  <!---->
                  <!---->
                  <!---->
                </div>
                <!---->
              </div>
            </div>
          </div>
          <div class="el-row">
            <div class="el-form-item"><label class="el-form-item__label">讲师简介：</label>
              <div class="el-form-item__content">
                <div class="el-textarea"><textarea autocomplete="off" class="el-textarea__inner" style="min-height: -8px; height: -32px;"></textarea>
                  <!---->
                </div>
                <!---->
              </div>
            </div>
          </div>
          <div class="el-form-item">
            <!---->
            <div class="el-form-item__content">
              <div class="el-row is-justify-space-around el-row--flex">
                <div class="el-col el-col-3"><button type="button" class="el-button el-button--primary is-round">
                    <!---->
                    <!----><span>保存</span></button></div>
                <div class="el-col el-col-3"><button type="button" class="el-button el-button--default is-round">
                    <!---->
                    <!----><span>清空</span></button></div>
              </div>
              <!---->
            </div>
          </div>
        </form>
      </div>
    </div>
  </main>
</section>
`;
