// Jest Snapshot v1, https://goo.gl/fbAQLP

exports[`EditCourseInfoPage 快照测试 1`] = `
<section class="el-container">
  <main class="el-main">
    <div class="el-page-header">
      <div class="el-page-header__left"><i class="el-icon-back"></i>
        <div class="el-page-header__title">返回</div>
      </div>
      <div class="el-page-header__content">修改课程信息</div>
    </div>
    <div class="el-divider el-divider--horizontal">
      <!---->
    </div>
    <div class="el-card is-always-shadow">
      <!---->
      <div class="el-card__body">
        <form class="el-form">
          <div class="el-form-item"><label class="el-form-item__label" style="width: 150px;">课程名称：</label>
            <div class="el-form-item__content" style="margin-left: 150px;">
              <div class="el-input">
                <!----><input type="text" autocomplete="off" class="el-input__inner">
                <!---->
                <!---->
                <!---->
                <!---->
              </div>
              <!---->
            </div>
          </div>
          <div class="el-form-item"><label class="el-form-item__label" style="width: 150px;">班级起止时间：</label>
            <div class="el-form-item__content" style="margin-left: 150px;">
              <div class="el-col el-col-6">
                <div class="el-date-editor el-input el-input--prefix el-input--suffix el-date-editor--date">
                  <!----><input type="text" autocomplete="off" name="" placeholder="选择日期" class="el-input__inner"><span class="el-input__prefix"><i class="el-input__icon el-icon-date"></i><!----></span><span class="el-input__suffix"><span class="el-input__suffix-inner"><i class="el-input__icon"></i><!----><!----><!----><!----></span>
                  <!----></span>
                  <!---->
                  <!---->
                </div>
              </div>
              <div class="el-col el-col-2">
                至
              </div>
              <div class="el-col el-col-8">
                <div class="el-date-editor el-input el-input--prefix el-input--suffix el-date-editor--date">
                  <!----><input type="text" autocomplete="off" name="" placeholder="选择日期" class="el-input__inner"><span class="el-input__prefix"><i class="el-input__icon el-icon-date"></i><!----></span><span class="el-input__suffix"><span class="el-input__suffix-inner"><i class="el-input__icon"></i><!----><!----><!----><!----></span>
                  <!----></span>
                  <!---->
                  <!---->
                </div>
              </div>
              <!---->
            </div>
          </div>
          <div class="el-form-item"><label class="el-form-item__label" style="width: 150px;">课程地点：</label>
            <div class="el-form-item__content" style="margin-left: 150px;">
              <div class="el-input">
                <!----><input type="text" autocomplete="off" class="el-input__inner">
                <!---->
                <!---->
                <!---->
                <!---->
              </div>
              <!---->
            </div>
          </div>
          <div class="el-form-item"><label class="el-form-item__label" style="width: 150px;">课程介绍：</label>
            <div class="el-form-item__content" style="margin-left: 150px;">
              <div class="el-textarea"><textarea autocomplete="off" class="el-textarea__inner" style="min-height: -24px; height: -120px;"></textarea>
                <!---->
              </div>
              <!---->
            </div>
          </div>
          <div class="el-form-item">
            <!---->
            <div class="el-form-item__content" style="margin-left: 150px;">
              <div class="operation-button el-row is-justify-center el-row--flex">
                <div class="el-col el-col-8"><button type="button" class="el-button el-button--primary">
                    <!---->
                    <!----><span>保存</span></button></div>
                <div class="el-col el-col-8"><button type="button" class="el-button el-button--default">
                    <!---->
                    <!----><span>清空</span></button></div>
              </div>
              <!---->
            </div>
          </div>
        </form>
      </div>
    </div>
  </main>
</section>
`;
