// Jest Snapshot v1, https://goo.gl/fbAQLP

exports[`StudentInClass 快照测试 1`] = `
<section class="el-container is-vertical">
  <main class="el-main">
    <div class="el-page-header">
      <div class="el-page-header__left"><i class="el-icon-back"></i>
        <div class="el-page-header__title">返回</div>
      </div>
      <div class="el-page-header__content">班级学员</div>
    </div>
    <div class="el-divider el-divider--horizontal">
      <!---->
    </div>
    <div class="el-table el-table--fit el-table--striped el-table--scrollable-x el-table--enable-row-hover">
      <div class="hidden-columns">
        <div></div>
        <div></div>
        <div></div>
        <div></div>
        <div></div>
        <div></div>
        <div></div>
        <div><button type="button" class="el-button el-button--primary el-button--small is-circle">
            <!----><i class="el-icon-more"></i>
            <!----></button></div>
      </div>
      <div class="el-table__header-wrapper">
        <table cellspacing="0" cellpadding="0" border="0" class="el-table__header" style="width: 1230px;">
          <colgroup>
            <col name="el-table_1_column_1" width="100">
            <col name="el-table_1_column_2" width="100">
            <col name="el-table_1_column_3" width="180">
            <col name="el-table_1_column_4" width="180">
            <col name="el-table_1_column_5" width="180">
            <col name="el-table_1_column_6" width="180">
            <col name="el-table_1_column_7" width="180">
            <col name="el-table_1_column_8" width="130">
          </colgroup>
          <thead class="">
            <tr class="">
              <th colspan="1" rowspan="1" class="el-table_1_column_1  is-center   is-leaf">
                <div class="cell">姓名</div>
              </th>
              <th colspan="1" rowspan="1" class="el-table_1_column_2  is-center   is-leaf">
                <div class="cell">性别</div>
              </th>
              <th colspan="1" rowspan="1" class="el-table_1_column_3  is-center   is-leaf">
                <div class="cell">出生日期</div>
              </th>
              <th colspan="1" rowspan="1" class="el-table_1_column_4  is-center   is-leaf">
                <div class="cell">联系电话</div>
              </th>
              <th colspan="1" rowspan="1" class="el-table_1_column_5  is-center   is-leaf">
                <div class="cell">微信号</div>
              </th>
              <th colspan="1" rowspan="1" class="el-table_1_column_6  is-center   is-leaf">
                <div class="cell">邮箱</div>
              </th>
              <th colspan="1" rowspan="1" class="el-table_1_column_7  is-center   is-leaf">
                <div class="cell">所在城市</div>
              </th>
              <th colspan="1" rowspan="1" class="el-table_1_column_8  is-center   is-leaf">
                <div class="cell">操作</div>
              </th>
            </tr>
          </thead>
        </table>
      </div>
      <div class="el-table__body-wrapper is-scrolling-left">
        <table cellspacing="0" cellpadding="0" border="0" class="el-table__body" style="width: 1230px;">
          <colgroup>
            <col name="el-table_1_column_1" width="100">
            <col name="el-table_1_column_2" width="100">
            <col name="el-table_1_column_3" width="180">
            <col name="el-table_1_column_4" width="180">
            <col name="el-table_1_column_5" width="180">
            <col name="el-table_1_column_6" width="180">
            <col name="el-table_1_column_7" width="180">
            <col name="el-table_1_column_8" width="130">
          </colgroup>
          <tbody>
            <!---->
          </tbody>
        </table>
        <div class="el-table__empty-block" style="height: 100%; width: 1230px;"><span class="el-table__empty-text">暂无数据</span></div>
        <!---->
      </div>
      <!---->
      <!---->
      <!---->
      <!---->
      <div class="el-table__column-resize-proxy" style="display: none;"></div>
    </div>
  </main>
  <footer class="el-footer" style="height: 60px;">
    <div class="el-row is-justify-center el-row--flex">
      <div class="el-pagination"><button type="button" disabled="disabled" class="btn-prev"><i class="el-icon el-icon-arrow-left"></i></button>
        <ul class="el-pager">
          <li class="number active">1</li>
          <!---->
          <!---->
          <!---->
        </ul><button type="button" disabled="disabled" class="btn-next"><i class="el-icon el-icon-arrow-right"></i></button><span class="el-pagination__jump">前往<div class="el-input el-pagination__editor is-in-pagination"><!----><input type="number" autocomplete="off" min="1" max="1" class="el-input__inner"><!----><!----><!----><!----></div>页</span>
      </div>
    </div>
  </footer>
</section>
`;
