// Jest Snapshot v1, https://goo.gl/fbAQLP

exports[`EditAlumniInformationPage 快照测试 1`] = `
<section class="el-container">
  <main class="el-main">
    <div class="el-page-header">
      <div class="el-page-header__left"><i class="el-icon-back"></i>
        <div class="el-page-header__title">返回</div>
      </div>
      <div class="el-page-header__content">修改校友信息</div>
    </div>
    <div class="el-divider el-divider--horizontal">
      <!---->
    </div>
    <div class="el-card activity-card is-always-shadow">
      <!---->
      <div class="el-card__body">
        <form class="el-form activity-table">
          <div class="el-row">
            <div class="el-col el-col-8">
              <div class="el-form-item"><label class="el-form-item__label" style="width: 150px;">姓名：</label>
                <div class="el-form-item__content" style="margin-left: 150px;">
                  <div class="el-input">
                    <!----><input type="text" autocomplete="off" class="el-input__inner">
                    <!---->
                    <!---->
                    <!---->
                    <!---->
                  </div>
                  <!---->
                </div>
              </div>
            </div>
            <div class="el-col el-col-7">
              <div class="el-form-item"><label class="el-form-item__label" style="width: 150px;">性别：</label>
                <div class="el-form-item__content" style="margin-left: 150px;"><label role="radio" tabindex="0" class="el-radio"><span class="el-radio__input"><span class="el-radio__inner"></span><input type="radio" aria-hidden="true" tabindex="-1" class="el-radio__original" value="男"></span><span class="el-radio__label">男<!----></span></label> <label role="radio" tabindex="0" class="el-radio"><span class="el-radio__input"><span class="el-radio__inner"></span><input type="radio" aria-hidden="true" tabindex="-1" class="el-radio__original" value="女"></span><span class="el-radio__label">女<!----></span></label>
                  <!---->
                </div>
              </div>
            </div>
            <div class="el-col el-col-8">
              <div class="el-form-item"><label class="el-form-item__label" style="width: 150px;">生日：</label>
                <div class="el-form-item__content" style="margin-left: 150px;">
                  <div class="el-date-editor el-input el-input--prefix el-input--suffix el-date-editor--date">
                    <!----><input type="text" autocomplete="off" name="" placeholder="选择日期" class="el-input__inner"><span class="el-input__prefix"><i class="el-input__icon el-icon-date"></i><!----></span><span class="el-input__suffix"><span class="el-input__suffix-inner"><i class="el-input__icon"></i><!----><!----><!----><!----></span>
                    <!----></span>
                    <!---->
                    <!---->
                  </div>
                  <!---->
                </div>
              </div>
            </div>
          </div>
          <div class="el-row">
            <div class="el-col el-col-8">
              <div class="el-form-item"><label class="el-form-item__label" style="width: 150px;">电话：</label>
                <div class="el-form-item__content" style="margin-left: 150px;">
                  <div class="el-input">
                    <!----><input type="text" autocomplete="off" class="el-input__inner">
                    <!---->
                    <!---->
                    <!---->
                    <!---->
                  </div>
                  <!---->
                </div>
              </div>
            </div>
            <div class="el-col el-col-8">
              <div class="el-form-item"><label class="el-form-item__label" style="width: 150px;">微信：</label>
                <div class="el-form-item__content" style="margin-left: 150px;">
                  <div class="el-input">
                    <!----><input type="text" autocomplete="off" class="el-input__inner">
                    <!---->
                    <!---->
                    <!---->
                    <!---->
                  </div>
                  <!---->
                </div>
              </div>
            </div>
            <div class="el-col el-col-8">
              <div class="el-form-item"><label class="el-form-item__label" style="width: 150px;">邮箱：</label>
                <div class="el-form-item__content" style="margin-left: 150px;">
                  <div class="el-input">
                    <!----><input type="text" autocomplete="off" class="el-input__inner">
                    <!---->
                    <!---->
                    <!---->
                    <!---->
                  </div>
                  <!---->
                </div>
              </div>
            </div>
          </div>
          <div class="el-row">
            <div class="el-col el-col-8">
              <div class="el-form-item"><label class="el-form-item__label" style="width: 150px;">所处城市：</label>
                <div class="el-form-item__content" style="margin-left: 150px;">
                  <div class="el-input">
                    <!----><input type="text" autocomplete="off" class="el-input__inner">
                    <!---->
                    <!---->
                    <!---->
                    <!---->
                  </div>
                  <!---->
                </div>
              </div>
            </div>
            <div class="el-col el-col-8">
              <div class="el-form-item"><label class="el-form-item__label" style="width: 150px;">最高学位：</label>
                <div class="el-form-item__content" style="margin-left: 150px;">
                  <div class="el-input">
                    <!----><input type="text" autocomplete="off" class="el-input__inner">
                    <!---->
                    <!---->
                    <!---->
                    <!---->
                  </div>
                  <!---->
                </div>
              </div>
            </div>
            <div class="el-col el-col-8">
              <div class="el-form-item"><label class="el-form-item__label" style="width: 150px;">毕业院校：</label>
                <div class="el-form-item__content" style="margin-left: 150px;">
                  <div class="el-input">
                    <!----><input type="text" autocomplete="off" class="el-input__inner">
                    <!---->
                    <!---->
                    <!---->
                    <!---->
                  </div>
                  <!---->
                </div>
              </div>
            </div>
          </div>
          <div class="el-row">
            <div class="el-col el-col-8">
              <div class="el-form-item"><label class="el-form-item__label" style="width: 150px;">创业前所处公司：</label>
                <div class="el-form-item__content" style="margin-left: 150px;">
                  <div class="el-input">
                    <!----><input type="text" autocomplete="off" class="el-input__inner">
                    <!---->
                    <!---->
                    <!---->
                    <!---->
                  </div>
                  <!---->
                </div>
              </div>
            </div>
            <div class="el-col el-col-8">
              <div class="el-form-item"><label class="el-form-item__label" style="width: 150px;">创业前职位：</label>
                <div class="el-form-item__content" style="margin-left: 150px;">
                  <div class="el-input">
                    <!----><input type="text" autocomplete="off" class="el-input__inner">
                    <!---->
                    <!---->
                    <!---->
                    <!---->
                  </div>
                  <!---->
                </div>
              </div>
            </div>
          </div>
          <div class="el-row">
            <div class="el-col el-col-6">
              <div class="el-form-item"><label class="el-form-item__label" style="width: 150px;">公众号：</label>
                <div class="el-form-item__content" style="margin-left: 150px;">
                  <div class="el-input">
                    <!----><input type="text" autocomplete="off" class="el-input__inner">
                    <!---->
                    <!---->
                    <!---->
                    <!---->
                  </div>
                  <!---->
                </div>
              </div>
            </div>
            <div class="el-col el-col-6">
              <div class="el-form-item"><label class="el-form-item__label" style="width: 150px;">成立时间：</label>
                <div class="el-form-item__content" style="margin-left: 150px;">
                  <div class="el-input">
                    <!----><input type="text" autocomplete="off" class="el-input__inner">
                    <!---->
                    <!---->
                    <!---->
                    <!---->
                  </div>
                  <!---->
                </div>
              </div>
            </div>
            <div class="el-col el-col-6">
              <div class="el-form-item"><label class="el-form-item__label" style="width: 150px;">公司所处城市：</label>
                <div class="el-form-item__content" style="margin-left: 150px;">
                  <div class="el-input">
                    <!----><input type="text" autocomplete="off" class="el-input__inner">
                    <!---->
                    <!---->
                    <!---->
                    <!---->
                  </div>
                  <!---->
                </div>
              </div>
            </div>
            <div class="el-col el-col-6">
              <div class="el-form-item"><label class="el-form-item__label" style="width: 150px;">员工数目：</label>
                <div class="el-form-item__content" style="margin-left: 150px;">
                  <div class="el-input">
                    <!----><input type="text" autocomplete="off" class="el-input__inner">
                    <!---->
                    <!---->
                    <!---->
                    <!---->
                  </div>
                  <!---->
                </div>
              </div>
            </div>
          </div>
          <div class="el-row">
            <div class="el-row">
              <div class="el-col el-col-8">
                <div class="el-form-item"><label class="el-form-item__label" style="width: 150px;">公司：</label>
                  <div class="el-form-item__content" style="margin-left: 150px;">
                    <div class="el-input">
                      <!----><input type="text" autocomplete="off" class="el-input__inner">
                      <!---->
                      <!---->
                      <!---->
                      <!---->
                    </div>
                    <!---->
                  </div>
                </div>
              </div>
              <div class="el-col el-col-16">
                <div class="el-form-item"><label class="el-form-item__label" style="width: 150px;">官网：</label>
                  <div class="el-form-item__content" style="margin-left: 150px;">
                    <div class="el-input">
                      <!----><input type="text" autocomplete="off" class="el-input__inner">
                      <!---->
                      <!---->
                      <!---->
                      <!---->
                    </div>
                    <!---->
                  </div>
                </div>
              </div>
            </div>
            <div class="el-col el-col-8">
              <div class="el-form-item"><label class="el-form-item__label" style="width: 150px;">所处职位：</label>
                <div class="el-form-item__content" style="margin-left: 150px;">
                  <div class="el-input">
                    <!----><input type="text" autocomplete="off" class="el-input__inner">
                    <!---->
                    <!---->
                    <!---->
                    <!---->
                  </div>
                  <!---->
                </div>
              </div>
            </div>
          </div>
          <div class="el-form-item"><label class="el-form-item__label" style="width: 150px;">公司简介：</label>
            <div class="el-form-item__content" style="margin-left: 150px;">
              <div class="el-textarea"><textarea autocomplete="off" rows="2" class="el-textarea__inner" style="min-height: -4px;"></textarea>
                <!---->
              </div>
              <!---->
            </div>
          </div>
          <div class="el-row">
            <div class="el-col el-col-6">
              <div class="el-form-item"><label class="el-form-item__label" style="width: 150px;">运营数据：</label>
                <div class="el-form-item__content" style="margin-left: 150px;">
                  <div class="el-input">
                    <!----><input type="text" autocomplete="off" class="el-input__inner">
                    <!---->
                    <!---->
                    <!---->
                    <!---->
                  </div>
                  <!---->
                </div>
              </div>
            </div>
            <div class="el-col el-col-6">
              <div class="el-form-item"><label class="el-form-item__label" style="width: 150px;">收入规模：</label>
                <div class="el-form-item__content" style="margin-left: 150px;">
                  <div class="el-input">
                    <!----><input type="text" autocomplete="off" class="el-input__inner">
                    <!---->
                    <!---->
                    <!---->
                    <!---->
                  </div>
                  <!---->
                </div>
              </div>
            </div>
            <div class="el-col el-col-6">
              <div class="el-form-item"><label class="el-form-item__label" style="width: 150px;">融资情况：</label>
                <div class="el-form-item__content" style="margin-left: 150px;">
                  <div class="el-input">
                    <!----><input type="text" autocomplete="off" class="el-input__inner">
                    <!---->
                    <!---->
                    <!---->
                    <!---->
                  </div>
                  <!---->
                </div>
              </div>
            </div>
            <div class="el-col el-col-6">
              <div class="el-form-item"><label class="el-form-item__label" style="width: 150px;">当前估值：</label>
                <div class="el-form-item__content" style="margin-left: 150px;">
                  <div class="el-input">
                    <!----><input type="text" autocomplete="off" class="el-input__inner">
                    <!---->
                    <!---->
                    <!---->
                    <!---->
                  </div>
                  <!---->
                </div>
              </div>
            </div>
          </div>
          <div class="el-form-item">
            <!---->
            <div class="el-form-item__content" style="margin-left: 150px;"><button type="button" class="el-button el-button--primary">
                <!---->
                <!----><span>确认修改</span></button> <button type="button" class="el-button el-button--default">
                <!---->
                <!----><span>取消</span></button>
              <!---->
            </div>
          </div>
        </form>
      </div>
    </div>
  </main>
</section>
`;
