// Jest Snapshot v1, https://goo.gl/fbAQLP

exports[`ShowAlumniInformationPage 快照测试 1`] = `
<section class="el-container">
  <main class="el-main">
    <div class="el-page-header">
      <div class="el-page-header__left"><i class="el-icon-back"></i>
        <div class="el-page-header__title">返回</div>
      </div>
      <div class="el-page-header__content">资料详情</div>
    </div>
    <div class="el-divider el-divider--horizontal">
      <!---->
    </div>
    <div class="el-card info-card is-always-shadow">
      <!---->
      <div class="el-card__body">
        <form class="el-form info-table">
          <div class="el-row">
            <div class="el-col el-col-4 el-col-offset-8"><button type="button" class="el-button el-button--primary">
                <!----><i class="el-icon-edit"></i><span>编辑</span></button></div>
            <div class="el-col el-col-4"><button type="button" class="el-button el-button--primary">
                <!----><i class="el-icon-time"></i><span>查看编辑历史</span></button></div>
          </div>
          <div class="el-divider el-divider--horizontal">
            <!---->
          </div>
          <div class="el-row">
            <div class="el-col el-col-8">
              <div class="el-form-item"><label class="el-form-item__label" style="width: 130px;">姓名：</label>
                <div class="el-form-item__content" style="margin-left: 130px;">
                  郑小鸽
                  <!---->
                </div>
              </div>
            </div>
            <div class="el-col el-col-8">
              <div class="el-form-item"><label class="el-form-item__label" style="width: 130px;">性别：</label>
                <div class="el-form-item__content" style="margin-left: 130px;">
                  男
                  <!---->
                </div>
              </div>
            </div>
            <div class="el-col el-col-8">
              <div class="el-form-item"><label class="el-form-item__label" style="width: 130px;">生日：</label>
                <div class="el-form-item__content" style="margin-left: 130px;">
                  2019/10/01
                  <!---->
                </div>
              </div>
            </div>
          </div>
          <div class="el-row">
            <div class="el-col el-col-8">
              <div class="el-form-item"><label class="el-form-item__label" style="width: 130px;">联系电话：</label>
                <div class="el-form-item__content" style="margin-left: 130px;">
                  15256530000
                  <!---->
                </div>
              </div>
            </div>
            <div class="el-col el-col-8">
              <div class="el-form-item"><label class="el-form-item__label" style="width: 130px;">微信：</label>
                <div class="el-form-item__content" style="margin-left: 130px;">
                  6028
                  <!---->
                </div>
              </div>
            </div>
            <div class="el-col el-col-8">
              <div class="el-form-item"><label class="el-form-item__label" style="width: 130px;">邮箱：</label>
                <div class="el-form-item__content" style="margin-left: 130px;">
                  zls@gugugu.com
                  <!---->
                </div>
              </div>
            </div>
          </div>
          <div class="el-row">
            <div class="el-col el-col-8">
              <div class="el-form-item"><label class="el-form-item__label" style="width: 130px;">城市：</label>
                <div class="el-form-item__content" style="margin-left: 130px;">
                  福建
                  <!---->
                </div>
              </div>
            </div>
            <div class="el-col el-col-8">
              <div class="el-form-item"><label class="el-form-item__label" style="width: 130px;">最高学历：</label>
                <div class="el-form-item__content" style="margin-left: 130px;">
                  phD
                  <!---->
                </div>
              </div>
            </div>
            <div class="el-col el-col-8">
              <div class="el-form-item"><label class="el-form-item__label" style="width: 130px;">毕业院校：</label>
                <div class="el-form-item__content" style="margin-left: 130px;">
                  HFUT
                  <!---->
                </div>
              </div>
            </div>
          </div>
          <div class="el-divider el-divider--horizontal">
            <!---->
          </div>
          <div class="el-row">
            <div class="el-col el-col-8">
              <div class="el-form-item"><label class="el-form-item__label" style="width: 130px;">创业前所在公司：</label>
                <div class="el-form-item__content" style="margin-left: 130px;">
                  阿里
                  <!---->
                </div>
              </div>
            </div>
            <div class="el-col el-col-8">
              <div class="el-form-item"><label class="el-form-item__label" style="width: 130px;">创业前职位：</label>
                <div class="el-form-item__content" style="margin-left: 130px;">
                  CWO
                  <!---->
                </div>
              </div>
            </div>
          </div>
          <div class="el-divider el-divider--horizontal">
            <!---->
          </div>
          <div class="el-row">
            <div class="el-col el-col-8">
              <div class="el-form-item"><label class="el-form-item__label" style="width: 130px;">当前公司名称：</label>
                <div class="el-form-item__content" style="margin-left: 130px;">
                  郑总的公司
                  <!---->
                </div>
              </div>
            </div>
            <div class="el-col el-col-8">
              <div class="el-form-item"><label class="el-form-item__label" style="width: 130px;">公司官网：</label>
                <div class="el-form-item__content" style="margin-left: 130px;">
                  zheng.com
                  <!---->
                </div>
              </div>
            </div>
            <div class="el-col el-col-8">
              <div class="el-form-item"><label class="el-form-item__label" style="width: 130px;">公司公众号：</label>
                <div class="el-form-item__content" style="margin-left: 130px;">
                  zheng
                  <!---->
                </div>
              </div>
            </div>
          </div>
          <div class="el-row">
            <div class="el-col el-col-8">
              <div class="el-form-item"><label class="el-form-item__label" style="width: 130px;">成立时间：</label>
                <div class="el-form-item__content" style="margin-left: 130px;">
                  2020-01-01
                  <!---->
                </div>
              </div>
            </div>
            <div class="el-col el-col-8">
              <div class="el-form-item"><label class="el-form-item__label" style="width: 130px;">公司所在城市：</label>
                <div class="el-form-item__content" style="margin-left: 130px;">
                  合肥
                  <!---->
                </div>
              </div>
            </div>
            <div class="el-col el-col-8">
              <div class="el-form-item"><label class="el-form-item__label" style="width: 130px;">公司总人数：</label>
                <div class="el-form-item__content" style="margin-left: 130px;">
                  6
                  <!---->
                </div>
              </div>
            </div>
          </div>
          <div class="el-row">
            <div class="el-col el-col-8">
              <div class="el-form-item"><label class="el-form-item__label" style="width: 130px;">职位：</label>
                <div class="el-form-item__content" style="margin-left: 130px;">
                  2020-01-01
                  <!---->
                </div>
              </div>
            </div>
            <div class="el-col el-col-8">
              <div class="el-form-item"><label class="el-form-item__label" style="width: 130px;">公司简介：</label>
                <div class="el-form-item__content" style="margin-left: 130px;">
                  这是郑总的公司
                  <!---->
                </div>
              </div>
            </div>
            <div class="el-col el-col-8">
              <div class="el-form-item"><label class="el-form-item__label" style="width: 130px;">运营数据：</label>
                <div class="el-form-item__content" style="margin-left: 130px;">
                  10E
                  <!---->
                </div>
              </div>
            </div>
          </div>
          <div class="el-row">
            <div class="el-col el-col-8">
              <div class="el-form-item"><label class="el-form-item__label" style="width: 130px;">收入规模：</label>
                <div class="el-form-item__content" style="margin-left: 130px;">
                  收入1E
                  <!---->
                </div>
              </div>
            </div>
            <div class="el-col el-col-8">
              <div class="el-form-item"><label class="el-form-item__label" style="width: 130px;">融资情况：</label>
                <div class="el-form-item__content" style="margin-left: 130px;">
                  others
                  <!---->
                </div>
              </div>
            </div>
            <div class="el-col el-col-8">
              <div class="el-form-item"><label class="el-form-item__label" style="width: 130px;">当前估值：</label>
                <div class="el-form-item__content" style="margin-left: 130px;">
                  100E
                  <!---->
                </div>
              </div>
            </div>
          </div>
        </form>
      </div>
    </div>
  </main>
</section>
`;
