// Jest Snapshot v1, https://goo.gl/fbAQLP

exports[`ShowAlumniHistoryInformationPage 快照测试 1`] = `
<el-container>
  <el-main>
    <el-page-header content="修改历史详情"></el-page-header>
    <el-divider></el-divider>
    <el-card shadow="always" class="info-card">
      <el-form label-width="130px" class="info-table">
        <el-divider></el-divider>
        <el-row>
          <el-col span="8">
            <el-form-item label="姓名：">
              郑小鸽
            </el-form-item>
          </el-col>
          <el-col span="8">
            <el-form-item label="性别：">
              男
            </el-form-item>
          </el-col>
          <el-col span="8">
            <el-form-item label="生日：">
              2019/10/01
            </el-form-item>
          </el-col>
        </el-row>
        <el-row>
          <el-col span="8">
            <el-form-item label="联系电话：">
              15256530000
            </el-form-item>
          </el-col>
          <el-col span="8">
            <el-form-item label="微信：">
              6028
            </el-form-item>
          </el-col>
          <el-col span="8">
            <el-form-item label="邮箱：">
              zls@gugugu.com
            </el-form-item>
          </el-col>
        </el-row>
        <el-row>
          <el-col span="8">
            <el-form-item label="城市：">
              福建
            </el-form-item>
          </el-col>
          <el-col span="8">
            <el-form-item label="最高学历：">
              phD
            </el-form-item>
          </el-col>
          <el-col span="8">
            <el-form-item label="毕业院校：">
              HFUT
            </el-form-item>
          </el-col>
        </el-row>
        <el-divider></el-divider>
        <el-row>
          <el-col span="8">
            <el-form-item label="创业前所在公司：">
              阿里
            </el-form-item>
          </el-col>
          <el-col span="8">
            <el-form-item label="创业前职位：">
              CWO
            </el-form-item>
          </el-col>
        </el-row>
        <el-divider></el-divider>
        <el-row>
          <el-col span="8">
            <el-form-item label="当前公司名称：">
              郑总的公司
            </el-form-item>
          </el-col>
          <el-col span="8">
            <el-form-item label="公司官网：">
              zheng.com
            </el-form-item>
          </el-col>
          <el-col span="8">
            <el-form-item label="公司公众号：">
              zheng
            </el-form-item>
          </el-col>
        </el-row>
        <el-row>
          <el-col span="8">
            <el-form-item label="成立时间：">
              2020-01-01
            </el-form-item>
          </el-col>
          <el-col span="8">
            <el-form-item label="公司所在城市：">
              合肥
            </el-form-item>
          </el-col>
          <el-col span="8">
            <el-form-item label="公司总人数：">
              6
            </el-form-item>
          </el-col>
        </el-row>
        <el-row>
          <el-col span="8">
            <el-form-item label="职位：">
              2020-01-01
            </el-form-item>
          </el-col>
          <el-col span="8">
            <el-form-item label="公司简介：">
              这是郑总的公司
            </el-form-item>
          </el-col>
          <el-col span="8">
            <el-form-item label="运营数据：">
              10E
            </el-form-item>
          </el-col>
        </el-row>
        <el-row>
          <el-col span="8">
            <el-form-item label="收入规模：">
              收入1E
            </el-form-item>
          </el-col>
          <el-col span="8">
            <el-form-item label="融资情况：">
              others
            </el-form-item>
          </el-col>
          <el-col span="8">
            <el-form-item label="当前估值：">
              100E
            </el-form-item>
          </el-col>
        </el-row>
      </el-form>
    </el-card>
  </el-main>
</el-container>
`;
