// Jest Snapshot v1, https://goo.gl/fbAQLP

exports[`ShowAlumniEditHistoryPage 快照测试 1`] = `
<section class="el-container is-vertical">
  <main class="el-main">
    <div class="el-page-header">
      <div class="el-page-header__left"><i class="el-icon-back"></i>
        <div class="el-page-header__title">返回</div>
      </div>
      <div class="el-page-header__content">资料详情</div>
    </div>
    <div class="el-divider el-divider--horizontal">
      <!---->
    </div>
    <div class="el-table history-table el-table--fit el-table--striped el-table--scrollable-x el-table--enable-row-hover el-table--enable-row-transition">
      <div class="hidden-columns">
        <div></div>
        <div></div>
      </div>
      <div class="el-table__header-wrapper">
        <table cellspacing="0" cellpadding="0" border="0" class="el-table__header" style="width: 160px;">
          <colgroup>
            <col name="el-table_1_column_1" width="80">
            <col name="el-table_1_column_2" width="80">
          </colgroup>
          <thead class="">
            <tr class="">
              <th colspan="1" rowspan="1" class="el-table_1_column_1  is-center   is-leaf">
                <div class="cell">编号</div>
              </th>
              <th colspan="1" rowspan="1" class="el-table_1_column_2  is-center   is-leaf">
                <div class="cell">时间</div>
              </th>
            </tr>
          </thead>
        </table>
      </div>
      <div class="el-table__body-wrapper is-scrolling-left">
        <table cellspacing="0" cellpadding="0" border="0" class="el-table__body" style="width: 160px;">
          <colgroup>
            <col name="el-table_1_column_1" width="80">
            <col name="el-table_1_column_2" width="80">
          </colgroup>
          <tbody>
            <tr class="el-table__row">
              <td rowspan="1" colspan="1" class="el-table_1_column_1 is-center ">
                <div class="cell">1</div>
              </td>
              <td rowspan="1" colspan="1" class="el-table_1_column_2 is-center ">
                <div class="cell">2020年1月3日14:36:18</div>
              </td>
            </tr>
            <tr class="el-table__row el-table__row--striped">
              <td rowspan="1" colspan="1" class="el-table_1_column_1 is-center ">
                <div class="cell">2</div>
              </td>
              <td rowspan="1" colspan="1" class="el-table_1_column_2 is-center ">
                <div class="cell">2020年1月3日14:36:24</div>
              </td>
            </tr>
            <tr class="el-table__row">
              <td rowspan="1" colspan="1" class="el-table_1_column_1 is-center ">
                <div class="cell">3</div>
              </td>
              <td rowspan="1" colspan="1" class="el-table_1_column_2 is-center ">
                <div class="cell">2020年1月3日14:36:30</div>
              </td>
            </tr>
            <tr class="el-table__row el-table__row--striped">
              <td rowspan="1" colspan="1" class="el-table_1_column_1 is-center ">
                <div class="cell">4</div>
              </td>
              <td rowspan="1" colspan="1" class="el-table_1_column_2 is-center ">
                <div class="cell">2020年1月3日14:36:37</div>
              </td>
            </tr>
            <tr class="el-table__row">
              <td rowspan="1" colspan="1" class="el-table_1_column_1 is-center ">
                <div class="cell">5</div>
              </td>
              <td rowspan="1" colspan="1" class="el-table_1_column_2 is-center ">
                <div class="cell">2020年1月3日14:36:41</div>
              </td>
            </tr>
            <tr class="el-table__row el-table__row--striped">
              <td rowspan="1" colspan="1" class="el-table_1_column_1 is-center ">
                <div class="cell">6</div>
              </td>
              <td rowspan="1" colspan="1" class="el-table_1_column_2 is-center ">
                <div class="cell">2020年1月3日14:37:13</div>
              </td>
            </tr>
            <tr class="el-table__row">
              <td rowspan="1" colspan="1" class="el-table_1_column_1 is-center ">
                <div class="cell">7</div>
              </td>
              <td rowspan="1" colspan="1" class="el-table_1_column_2 is-center ">
                <div class="cell">2020年1月3日14:37:21</div>
              </td>
            </tr>
            <tr class="el-table__row el-table__row--striped">
              <td rowspan="1" colspan="1" class="el-table_1_column_1 is-center ">
                <div class="cell">8</div>
              </td>
              <td rowspan="1" colspan="1" class="el-table_1_column_2 is-center ">
                <div class="cell">2020年1月3日14:37:41</div>
              </td>
            </tr>
            <tr class="el-table__row">
              <td rowspan="1" colspan="1" class="el-table_1_column_1 is-center ">
                <div class="cell">9</div>
              </td>
              <td rowspan="1" colspan="1" class="el-table_1_column_2 is-center ">
                <div class="cell">2020年1月3日14:38:02</div>
              </td>
            </tr>
            <tr class="el-table__row el-table__row--striped">
              <td rowspan="1" colspan="1" class="el-table_1_column_1 is-center ">
                <div class="cell">10</div>
              </td>
              <td rowspan="1" colspan="1" class="el-table_1_column_2 is-center ">
                <div class="cell">2020年1月10日19:31:29</div>
              </td>
            </tr>
            <!---->
          </tbody>
        </table>
        <!---->
        <!---->
      </div>
      <!---->
      <!---->
      <!---->
      <!---->
      <div class="el-table__column-resize-proxy" style="display: none;"></div>
    </div>
  </main>
  <footer class="el-footer" style="height: 60px;">
    <div class="pagination el-pagination"><button type="button" disabled="disabled" class="btn-prev"><i class="el-icon el-icon-arrow-left"></i></button>
      <ul class="el-pager">
        <li class="number active">1</li>
        <!---->
        <!---->
        <!---->
      </ul><button type="button" disabled="disabled" class="btn-next"><i class="el-icon el-icon-arrow-right"></i></button>
    </div>
  </footer>
</section>
`;
